06-06-2023 03:22:26.445 [14] [INFO]  [Presentation.Logger] -  User alwaysritesh.86@gmail.com logged in successfully.
06-06-2023 03:44:04.216 [6] [INFO]  [Presentation.Logger] -  User alwaysritesh.86@gmail.com logged in successfully.
06-06-2023 03:53:22.782 [30] [INFO]  [Presentation.Logger] -  User yk123in@yahoo.co.in logged in successfully.
06-06-2023 04:22:13.252 [6] [INFO]  [Presentation.Logger] -  User yk123in@yahoo.co.in logged in successfully.
06-06-2023 04:27:09.691 [6] [INFO]  [Presentation.Logger] -  User yk123in@yahoo.co.in logged in successfully.
06-06-2023 04:34:52.947 [9] [INFO]  [Presentation.Logger] -  User yk123in@yahoo.co.in logged in successfully.
06-06-2023 04:43:53.367 [5] [INFO]  [Presentation.Logger] -  User yk123in@yahoo.co.in logged in successfully.
06-07-2023 10:25:19.814 [22] [INFO]  [Presentation.Logger] -  User yk123in@yahoo.co.in logged in successfully.
06-07-2023 03:00:48.363 [6] [INFO]  [Presentation.Logger] -  User yk123in@yahoo.co.in logged in successfully.
06-07-2023 04:05:37.288 [11] [INFO]  [Presentation.Logger] -  User yk123in@yahoo.co.in logged in successfully.
06-07-2023 04:06:55.604 [8] [INFO]  [Presentation.Logger] -  User yk123in@yahoo.co.in logged in successfully.
06-07-2023 04:08:41.239 [6] [INFO]  [Presentation.Logger] -  User yk123in@yahoo.co.in logged in successfully.
06-07-2023 04:17:54.046 [5] [INFO]  [Presentation.Logger] -  User yk123in@yahoo.co.in logged in successfully.
06-07-2023 04:21:50.307 [6] [INFO]  [Presentation.Logger] -  User yk123in@yahoo.co.in logged in successfully.
06-07-2023 04:23:34.565 [6] [ERROR]  [Presentation.Logger] -  Error Description:Operation was Unsuccessful. Exception: StatusCode: 500, ReasonPhrase: 'Internal Server Error', Version: 1.1, Content: System.Net.Http.StreamContent, Headers:
{
  Pragma: no-cache
  X-SourceFiles: =?UTF-8?B?QzpcUHJvamVjdHNcTkRGcmllbmRzMjAyMlxCdXNpbmVzc1Byb2Nlc3NcV2ViQVBJXEJQcm9jZXNzQXBpXFByb2ZpbGVcUHJvZmlsZVxTYXZlVXBkYXRlUHJvZmlsZXNBY3Rpdml0eVByZWZlcmVuY2Vz?=
  Cache-Control: no-cache
  Date: Wed, 07 Jun 2023 10:53:33 GMT
  Server: Microsoft-IIS/10.0
  X-AspNet-Version: 4.0.30319
  X-Powered-By: ASP.NET
  Content-Length: 3285
  Content-Type: application/json; charset=utf-8
  Expires: -1
}
Parameter name: theResponse   at Application.Presentation.ObjectFactory.PostOnServerAsync(String theAddress, FormUrlEncodedContent theParameter, String theController, HttpContextBase theContext) in C:\Projects\NDFriends2022\Presentation\Application.Presentation\ObjectFactory.cs:line 61
   at Presentation.Areas.Profile.Controllers.ProfileController.SaveUpdateActivityPreferences(NDUserProfile theModel) in C:\Projects\NDFriends2022\Presentation\Presentation\Areas\Profile\Controllers\ProfileController.cs:line 926
06-07-2023 04:24:20.403 [6] [INFO]  [Presentation.Logger] -  User yk123in@yahoo.co.in logged in successfully.
06-07-2023 04:30:24.581 [13] [INFO]  [Presentation.Logger] -  User yk123in@yahoo.co.in logged in successfully.
06-07-2023 04:57:07.874 [6] [INFO]  [Presentation.Logger] -  User yk123in@yahoo.co.in logged in successfully.
06-07-2023 04:59:46.252 [6] [INFO]  [Presentation.Logger] -  User yk123in@yahoo.co.in logged in successfully.
06-07-2023 05:03:33.975 [6] [ERROR]  [Presentation.Logger] -  Error Description:One or more errors occurred.   at System.Threading.Tasks.Task.ThrowIfExceptional(Boolean includeTaskCanceledExceptions)
   at System.Threading.Tasks.Task`1.GetResultCore(Boolean waitCompletionNotification)
   at System.Threading.Tasks.Task`1.get_Result()
   at Application.Presentation.ObjectFactory.PostOnServerAsync(String theAddress, FormUrlEncodedContent theParameter, String theController, HttpContextBase theContext) in C:\Projects\NDFriends2022\Presentation\Application.Presentation\ObjectFactory.cs:line 58
   at Presentation.Areas.Profile.Controllers.ProfileController.SaveUpdateActivityPreferences(NDUserProfile theModel) in C:\Projects\NDFriends2022\Presentation\Presentation\Areas\Profile\Controllers\ProfileController.cs:line 926
06-07-2023 05:06:24.677 [6] [INFO]  [Presentation.Logger] -  User yk123in@yahoo.co.in logged in successfully.
06-07-2023 05:13:31.019 [6] [INFO]  [Presentation.Logger] -  User yk123in@yahoo.co.in logged in successfully.
06-07-2023 05:20:48.876 [7] [ERROR]  [Presentation.Logger] -  Error Description:Operation was Unsuccessful. Exception: StatusCode: 500, ReasonPhrase: 'Internal Server Error', Version: 1.1, Content: System.Net.Http.StreamContent, Headers:
{
  Pragma: no-cache
  X-SourceFiles: =?UTF-8?B?QzpcUHJvamVjdHNcTkRGcmllbmRzMjAyMlxCdXNpbmVzc1Byb2Nlc3NcV2ViQVBJXEJQcm9jZXNzQXBpXFByb2ZpbGVcUHJvZmlsZVxTYXZlVXBkYXRlUHJvZmlsZXNBY3Rpdml0eVByZWZlcmVuY2Vz?=
  Cache-Control: no-cache
  Date: Wed, 07 Jun 2023 11:44:10 GMT
  Server: Microsoft-IIS/10.0
  X-AspNet-Version: 4.0.30319
  X-Powered-By: ASP.NET
  Content-Length: 2456
  Content-Type: application/json; charset=utf-8
  Expires: -1
}
Parameter name: theResponse   at Application.Presentation.ObjectFactory.PostOnServerAsync(String theAddress, FormUrlEncodedContent theParameter, String theController, HttpContextBase theContext) in C:\Projects\NDFriends2022\Presentation\Application.Presentation\ObjectFactory.cs:line 61
   at Presentation.Areas.Profile.Controllers.ProfileController.SaveUpdateActivityPreferences(NDUserProfile theModel)
06-07-2023 05:28:51.109 [6] [INFO]  [Presentation.Logger] -  User yk123in@yahoo.co.in logged in successfully.
06-08-2023 10:34:22.382 [6] [INFO]  [Presentation.Logger] -  User yk123in@yahoo.co.in logged in successfully.
06-08-2023 11:04:11.555 [6] [INFO]  [Presentation.Logger] -  User yk123in@yahoo.co.in logged in successfully.
06-08-2023 11:29:09.326 [6] [INFO]  [Presentation.Logger] -  User yk123in@yahoo.co.in logged in successfully.
06-08-2023 11:46:25.291 [6] [INFO]  [Presentation.Logger] -  User yk123in@yahoo.co.in logged in successfully.
06-08-2023 11:48:28.950 [11] [ERROR]  [Presentation.Logger] -  Error Description:Cannot find table 0.   at System.Data.DataTableCollection.get_Item(Int32 index)
   at Presentation.CacheMgr.GetFromCache(String theKey) in C:\Projects\NDFriends2022\Presentation\Presentation\App_Start\CacheMgr.cs:line 34
   at Presentation.Areas.Profile.Controllers.ProfileController.FillDropDowns() in C:\Projects\NDFriends2022\Presentation\Presentation\Areas\Profile\Controllers\ProfileController.cs:line 87
   at Presentation.Areas.Profile.Controllers.ProfileController.frmEditProfile() in C:\Projects\NDFriends2022\Presentation\Presentation\Areas\Profile\Controllers\ProfileController.cs:line 35
   at lambda_method(Closure , ControllerBase , Object[] )
   at System.Web.Mvc.ActionMethodDispatcher.Execute(ControllerBase controller, Object[] parameters)
   at System.Web.Mvc.ReflectedActionDescriptor.Execute(ControllerContext controllerContext, IDictionary`2 parameters)
   at System.Web.Mvc.ControllerActionInvoker.InvokeActionMethod(ControllerContext controllerContext, ActionDescriptor actionDescriptor, IDictionary`2 parameters)
   at System.Web.Mvc.Async.AsyncControllerActionInvoker.<>c.<BeginInvokeSynchronousActionMethod>b__9_0(IAsyncResult asyncResult, ActionInvocation innerInvokeState)
   at System.Web.Mvc.Async.AsyncResultWrapper.WrappedAsyncResult`2.CallEndDelegate(IAsyncResult asyncResult)
   at System.Web.Mvc.Async.AsyncResultWrapper.WrappedAsyncResultBase`1.End()
   at System.Web.Mvc.Async.AsyncControllerActionInvoker.EndInvokeActionMethod(IAsyncResult asyncResult)
   at System.Web.Mvc.Async.AsyncControllerActionInvoker.AsyncInvocationWithFilters.<>c__DisplayClass11_0.<InvokeActionMethodFilterAsynchronouslyRecursive>b__0()
   at System.Web.Mvc.Async.AsyncControllerActionInvoker.AsyncInvocationWithFilters.<>c__DisplayClass11_2.<InvokeActionMethodFilterAsynchronouslyRecursive>b__2()
   at System.Web.Mvc.Async.AsyncControllerActionInvoker.AsyncInvocationWithFilters.<>c__DisplayClass11_2.<InvokeActionMethodFilterAsynchronouslyRecursive>b__2()
   at System.Web.Mvc.Async.AsyncControllerActionInvoker.<>c__DisplayClass7_0.<BeginInvokeActionMethodWithFilters>b__1(IAsyncResult asyncResult)
   at System.Web.Mvc.Async.AsyncResultWrapper.WrappedAsyncResult`1.CallEndDelegate(IAsyncResult asyncResult)
   at System.Web.Mvc.Async.AsyncResultWrapper.WrappedAsyncResultBase`1.End()
   at System.Web.Mvc.Async.AsyncControllerActionInvoker.EndInvokeActionMethodWithFilters(IAsyncResult asyncResult)
   at System.Web.Mvc.Async.AsyncControllerActionInvoker.<>c__DisplayClass3_6.<BeginInvokeAction>b__4()
   at System.Web.Mvc.Async.AsyncControllerActionInvoker.<>c__DisplayClass3_1.<BeginInvokeAction>b__1(IAsyncResult asyncResult)
06-08-2023 11:55:53.219 [6] [ERROR]  [Presentation.Logger] -  Error Description:Object reference not set to an instance of an object.   at ASP._Page_Areas_Profile_Views_Profile__Profile_ActivityPreferences_cshtml.Execute() in C:\Projects\NDFriends2022\Presentation\Presentation\Areas\Profile\Views\Profile\_Profile_ActivityPreferences.cshtml:line 15
   at System.Web.WebPages.WebPageBase.ExecutePageHierarchy()
   at System.Web.Mvc.WebViewPage.ExecutePageHierarchy()
   at System.Web.WebPages.WebPageBase.ExecutePageHierarchy(WebPageContext pageContext, TextWriter writer, WebPageRenderingBase startPage)
   at System.Web.Mvc.RazorView.RenderView(ViewContext viewContext, TextWriter writer, Object instance)
   at System.Web.Mvc.BuildManagerCompiledView.Render(ViewContext viewContext, TextWriter writer)
   at System.Web.Mvc.HtmlHelper.RenderPartialInternal(String partialViewName, ViewDataDictionary viewData, Object model, TextWriter writer, ViewEngineCollection viewEngineCollection)
   at System.Web.Mvc.Html.PartialExtensions.Partial(HtmlHelper htmlHelper, String partialViewName, Object model, ViewDataDictionary viewData)
   at System.Web.Mvc.Html.PartialExtensions.Partial(HtmlHelper htmlHelper, String partialViewName)
   at ASP._Page_Areas_Profile_Views_Profile_frmEditProfile_cshtml.Execute() in C:\Projects\NDFriends2022\Presentation\Presentation\Areas\Profile\Views\Profile\frmEditProfile.cshtml:line 179
   at System.Web.WebPages.WebPageBase.ExecutePageHierarchy()
   at System.Web.Mvc.WebViewPage.ExecutePageHierarchy()
   at System.Web.WebPages.StartPage.RunPage()
   at System.Web.WebPages.StartPage.ExecutePageHierarchy()
   at System.Web.WebPages.WebPageBase.ExecutePageHierarchy(WebPageContext pageContext, TextWriter writer, WebPageRenderingBase startPage)
   at System.Web.Mvc.RazorView.RenderView(ViewContext viewContext, TextWriter writer, Object instance)
   at System.Web.Mvc.BuildManagerCompiledView.Render(ViewContext viewContext, TextWriter writer)
   at System.Web.Mvc.ViewResultBase.ExecuteResult(ControllerContext context)
   at System.Web.Mvc.ControllerActionInvoker.InvokeActionResult(ControllerContext controllerContext, ActionResult actionResult)
   at System.Web.Mvc.ControllerActionInvoker.InvokeActionResultFilterRecursive(IList`1 filters, Int32 filterIndex, ResultExecutingContext preContext, ControllerContext controllerContext, ActionResult actionResult)
   at System.Web.Mvc.ControllerActionInvoker.InvokeActionResultFilterRecursive(IList`1 filters, Int32 filterIndex, ResultExecutingContext preContext, ControllerContext controllerContext, ActionResult actionResult)
   at System.Web.Mvc.ControllerActionInvoker.InvokeActionResultFilterRecursive(IList`1 filters, Int32 filterIndex, ResultExecutingContext preContext, ControllerContext controllerContext, ActionResult actionResult)
   at System.Web.Mvc.ControllerActionInvoker.InvokeActionResultWithFilters(ControllerContext controllerContext, IList`1 filters, ActionResult actionResult)
   at System.Web.Mvc.Async.AsyncControllerActionInvoker.<>c__DisplayClass3_6.<BeginInvokeAction>b__4()
   at System.Web.Mvc.Async.AsyncControllerActionInvoker.<>c__DisplayClass3_1.<BeginInvokeAction>b__1(IAsyncResult asyncResult)
06-08-2023 12:05:11.350 [6] [ERROR]  [Presentation.Logger] -  Error Description:Object reference not set to an instance of an object.   at ASP._Page_Areas_Profile_Views_Profile__Profile_ActivityPreferences_cshtml.Execute() in C:\Projects\NDFriends2022\Presentation\Presentation\Areas\Profile\Views\Profile\_Profile_ActivityPreferences.cshtml:line 15
   at System.Web.WebPages.WebPageBase.ExecutePageHierarchy()
   at System.Web.Mvc.WebViewPage.ExecutePageHierarchy()
   at System.Web.WebPages.WebPageBase.ExecutePageHierarchy(WebPageContext pageContext, TextWriter writer, WebPageRenderingBase startPage)
   at System.Web.Mvc.RazorView.RenderView(ViewContext viewContext, TextWriter writer, Object instance)
   at System.Web.Mvc.BuildManagerCompiledView.Render(ViewContext viewContext, TextWriter writer)
   at System.Web.Mvc.HtmlHelper.RenderPartialInternal(String partialViewName, ViewDataDictionary viewData, Object model, TextWriter writer, ViewEngineCollection viewEngineCollection)
   at System.Web.Mvc.Html.PartialExtensions.Partial(HtmlHelper htmlHelper, String partialViewName, Object model, ViewDataDictionary viewData)
   at System.Web.Mvc.Html.PartialExtensions.Partial(HtmlHelper htmlHelper, String partialViewName)
   at ASP._Page_Areas_Profile_Views_Profile_frmEditProfile_cshtml.Execute() in C:\Projects\NDFriends2022\Presentation\Presentation\Areas\Profile\Views\Profile\frmEditProfile.cshtml:line 179
   at System.Web.WebPages.WebPageBase.ExecutePageHierarchy()
   at System.Web.Mvc.WebViewPage.ExecutePageHierarchy()
   at System.Web.WebPages.StartPage.RunPage()
   at System.Web.WebPages.StartPage.ExecutePageHierarchy()
   at System.Web.WebPages.WebPageBase.ExecutePageHierarchy(WebPageContext pageContext, TextWriter writer, WebPageRenderingBase startPage)
   at System.Web.Mvc.RazorView.RenderView(ViewContext viewContext, TextWriter writer, Object instance)
   at System.Web.Mvc.BuildManagerCompiledView.Render(ViewContext viewContext, TextWriter writer)
   at System.Web.Mvc.ViewResultBase.ExecuteResult(ControllerContext context)
   at System.Web.Mvc.ControllerActionInvoker.InvokeActionResult(ControllerContext controllerContext, ActionResult actionResult)
   at System.Web.Mvc.ControllerActionInvoker.InvokeActionResultFilterRecursive(IList`1 filters, Int32 filterIndex, ResultExecutingContext preContext, ControllerContext controllerContext, ActionResult actionResult)
   at System.Web.Mvc.ControllerActionInvoker.InvokeActionResultFilterRecursive(IList`1 filters, Int32 filterIndex, ResultExecutingContext preContext, ControllerContext controllerContext, ActionResult actionResult)
   at System.Web.Mvc.ControllerActionInvoker.InvokeActionResultFilterRecursive(IList`1 filters, Int32 filterIndex, ResultExecutingContext preContext, ControllerContext controllerContext, ActionResult actionResult)
   at System.Web.Mvc.ControllerActionInvoker.InvokeActionResultWithFilters(ControllerContext controllerContext, IList`1 filters, ActionResult actionResult)
   at System.Web.Mvc.Async.AsyncControllerActionInvoker.<>c__DisplayClass3_6.<BeginInvokeAction>b__4()
   at System.Web.Mvc.Async.AsyncControllerActionInvoker.<>c__DisplayClass3_1.<BeginInvokeAction>b__1(IAsyncResult asyncResult)
06-08-2023 01:16:33.866 [6] [INFO]  [Presentation.Logger] -  User yk123in@yahoo.co.in logged in successfully.
06-08-2023 01:20:31.046 [6] [INFO]  [Presentation.Logger] -  User alwaysritesh.86@gmail.com logged in successfully.
06-08-2023 01:29:01.811 [25] [INFO]  [Presentation.Logger] -  User yk123in@yahoo.co.in logged in successfully.
06-08-2023 01:32:47.094 [7] [INFO]  [Presentation.Logger] -  User yk123in@yahoo.co.in logged in successfully.
06-08-2023 03:28:03.515 [6] [INFO]  [Presentation.Logger] -  User yk123in@yahoo.co.in logged in successfully.
06-08-2023 03:32:12.110 [6] [INFO]  [Presentation.Logger] -  User Yk123in@yahoo.co.in logged in successfully.
06-08-2023 03:33:17.147 [7] [INFO]  [Presentation.Logger] -  User yk123in@yahoo.co.in logged in successfully.
06-08-2023 03:42:00.720 [6] [INFO]  [Presentation.Logger] -  User yk123in@yahoo.co.in logged in successfully.
06-08-2023 03:46:45.476 [7] [INFO]  [Presentation.Logger] -  User yk123in@yahoo.co.in logged in successfully.
06-08-2023 03:50:45.851 [6] [INFO]  [Presentation.Logger] -  User yk123in@yahoo.co.in logged in successfully.
06-08-2023 04:20:12.675 [6] [INFO]  [Presentation.Logger] -  User yk123in@yahoo.co.in logged in successfully.
06-08-2023 05:12:51.911 [43] [ERROR]  [Presentation.Logger] -  Error Description:One or more errors occurred.   at System.Threading.Tasks.Task.ThrowIfExceptional(Boolean includeTaskCanceledExceptions)
   at System.Threading.Tasks.Task`1.GetResultCore(Boolean waitCompletionNotification)
   at System.Threading.Tasks.Task`1.get_Result()
   at Application.Presentation.ObjectFactory.PostOnServerAsync(String theAddress, FormUrlEncodedContent theParameter, String theController, HttpContextBase theContext) in C:\Projects\NDFriends2022\Presentation\Application.Presentation\ObjectFactory.cs:line 58
   at Presentation.AuditMgr.OnActionExecuting(ActionExecutingContext filterContext)
   at System.Web.Mvc.Async.AsyncControllerActionInvoker.AsyncInvocationWithFilters.InvokeActionMethodFilterAsynchronouslyRecursive(Int32 filterIndex)
   at System.Web.Mvc.Async.AsyncControllerActionInvoker.AsyncInvocationWithFilters.InvokeActionMethodFilterAsynchronouslyRecursive(Int32 filterIndex)
   at System.Web.Mvc.Async.AsyncControllerActionInvoker.<>c__DisplayClass7_0.<BeginInvokeActionMethodWithFilters>b__0(AsyncCallback asyncCallback, Object asyncState)
   at System.Web.Mvc.Async.AsyncResultWrapper.WrappedAsyncResult`1.CallBeginDelegate(AsyncCallback callback, Object callbackState)
   at System.Web.Mvc.Async.AsyncResultWrapper.WrappedAsyncResultBase`1.Begin(AsyncCallback callback, Object state, Int32 timeout)
   at System.Web.Mvc.Async.AsyncControllerActionInvoker.BeginInvokeActionMethodWithFilters(ControllerContext controllerContext, IList`1 filters, ActionDescriptor actionDescriptor, IDictionary`2 parameters, AsyncCallback callback, Object state)
   at System.Web.Mvc.Async.AsyncControllerActionInvoker.<>c__DisplayClass3_1.<BeginInvokeAction>b__0(AsyncCallback asyncCallback, Object asyncState)
06-08-2023 05:16:17.562 [63] [INFO]  [Presentation.Logger] -  User yk123in@yahoo.co.in logged in successfully.
06-08-2023 05:21:34.233 [8] [INFO]  [Presentation.Logger] -  User yk123in@yahoo.co.in logged in successfully.
06-08-2023 05:23:55.265 [6] [INFO]  [Presentation.Logger] -  User yk123in@yahoo.co.in logged in successfully.
06-08-2023 05:28:35.195 [6] [INFO]  [Presentation.Logger] -  User yk123in@yahoo.co.in logged in successfully.
06-08-2023 05:35:49.751 [6] [INFO]  [Presentation.Logger] -  User yk123in@yahoo.co.in logged in successfully.
06-09-2023 09:55:28.077 [9] [ERROR]  [Presentation.Logger] -  Error Description:Bad Data.
/r/n Stack:   at System.Security.Cryptography.CryptographicException.ThrowCryptographicException(Int32 hr)
   at System.Security.Cryptography.Utils._DecryptData(SafeKeyHandle hKey, Byte[] data, Int32 ib, Int32 cb, Byte[]& outputBuffer, Int32 outputOffset, PaddingMode PaddingMode, Boolean fDone)
   at System.Security.Cryptography.CryptoAPITransform.TransformFinalBlock(Byte[] inputBuffer, Int32 inputOffset, Int32 inputCount)
   at Application.Common.clsEncryptDecrypt.DecryptProcess(String parameter) in C:\Projects\NDFriends2022\BusinessProcess\Application.Common\clsEncryptDecrypt.cs:line 36
   at Application.Common.clsEncryptDecrypt.Decrypt(String theString) in C:\Projects\NDFriends2022\BusinessProcess\Application.Common\clsEncryptDecrypt.cs:line 48
   at Presentation.Controllers.LoginController.Login(LoginModel theModel) in C:\Projects\NDFriends2022\Presentation\Presentation\Controllers\LoginController.cs:line 54
06-09-2023 09:56:27.586 [10] [INFO]  [Presentation.Logger] -  User yk123in@yahoo.co.in logged in successfully.
06-09-2023 10:47:39.848 [5] [ERROR]  [Presentation.Logger] -  Error Description:Bad Data.
/r/n Stack:   at System.Security.Cryptography.CryptographicException.ThrowCryptographicException(Int32 hr)
   at System.Security.Cryptography.Utils._DecryptData(SafeKeyHandle hKey, Byte[] data, Int32 ib, Int32 cb, Byte[]& outputBuffer, Int32 outputOffset, PaddingMode PaddingMode, Boolean fDone)
   at System.Security.Cryptography.CryptoAPITransform.TransformFinalBlock(Byte[] inputBuffer, Int32 inputOffset, Int32 inputCount)
   at Application.Common.clsEncryptDecrypt.DecryptProcess(String parameter) in C:\Projects\NDFriends2022\BusinessProcess\Application.Common\clsEncryptDecrypt.cs:line 36
   at Application.Common.clsEncryptDecrypt.Decrypt(String theString) in C:\Projects\NDFriends2022\BusinessProcess\Application.Common\clsEncryptDecrypt.cs:line 48
   at Presentation.Controllers.LoginController.Login(LoginModel theModel) in C:\Projects\NDFriends2022\Presentation\Presentation\Controllers\LoginController.cs:line 54
06-09-2023 10:48:22.894 [6] [INFO]  [Presentation.Logger] -  User yk123in@yahoo.co.in logged in successfully.
06-09-2023 11:16:05.587 [5] [INFO]  [Presentation.Logger] -  User yk123in@yahoo.co.in logged in successfully.
06-09-2023 11:21:45.818 [7] [INFO]  [Presentation.Logger] -  User yk123in@yahoo.co.in logged in successfully.
06-09-2023 11:23:37.869 [7] [INFO]  [Presentation.Logger] -  User alwaysritesh.86@gmail.com logged in successfully.
06-09-2023 11:25:17.318 [6] [INFO]  [Presentation.Logger] -  User alwaysritesh.86@gmail.com logged in successfully.
06-09-2023 11:28:12.818 [6] [INFO]  [Presentation.Logger] -  User alwaysritesh.86@gmail.com logged in successfully.
06-09-2023 11:34:40.469 [5] [INFO]  [Presentation.Logger] -  User alwaysritesh.86@gmail.com logged in successfully.
06-09-2023 11:38:10.313 [6] [INFO]  [Presentation.Logger] -  User yk123in@yahoo.co.in logged in successfully.
06-09-2023 11:41:04.713 [6] [INFO]  [Presentation.Logger] -  User yk123in@yahoo.co.in logged in successfully.
06-09-2023 11:47:06.205 [6] [INFO]  [Presentation.Logger] -  User yk123in@yahoo.co.in logged in successfully.
06-09-2023 12:04:47.454 [6] [INFO]  [Presentation.Logger] -  User yk123in@yahoo.co.in logged in successfully.
06-09-2023 12:11:09.682 [6] [ERROR]  [Presentation.Logger] -  Error Description:Input string was not in a correct format.   at System.Number.StringToNumber(String str, NumberStyles options, NumberBuffer& number, NumberFormatInfo info, Boolean parseDecimal)
   at System.Number.ParseInt32(String s, NumberStyles style, NumberFormatInfo info)
   at System.Convert.ToInt32(String value)
   at Presentation.Areas.Profile.Controllers.ProfileController.SaveUpdateActivityPreferences(NDUserProfile theModel) in C:\Projects\NDFriends2022\Presentation\Presentation\Areas\Profile\Controllers\ProfileController.cs:line 988
06-09-2023 12:11:41.174 [27] [ERROR]  [Presentation.Logger] -  Error Description:Input string was not in a correct format.   at System.Number.StringToNumber(String str, NumberStyles options, NumberBuffer& number, NumberFormatInfo info, Boolean parseDecimal)
   at System.Number.ParseInt32(String s, NumberStyles style, NumberFormatInfo info)
   at System.Convert.ToInt32(String value)
   at Presentation.Areas.Profile.Controllers.ProfileController.SaveUpdateActivityPreferences(NDUserProfile theModel) in C:\Projects\NDFriends2022\Presentation\Presentation\Areas\Profile\Controllers\ProfileController.cs:line 988
06-09-2023 12:16:39.463 [7] [INFO]  [Presentation.Logger] -  User yk123in@yahoo.co.in logged in successfully.
06-09-2023 12:17:59.308 [6] [ERROR]  [Presentation.Logger] -  Error Description:One or more errors occurred.   at System.Threading.Tasks.Task.ThrowIfExceptional(Boolean includeTaskCanceledExceptions)
   at System.Threading.Tasks.Task`1.GetResultCore(Boolean waitCompletionNotification)
   at System.Threading.Tasks.Task`1.get_Result()
   at Application.Presentation.ObjectFactory.PostOnServerAsync(String theAddress, FormUrlEncodedContent theParameter, String theController, HttpContextBase theContext) in C:\Projects\NDFriends2022\Presentation\Application.Presentation\ObjectFactory.cs:line 58
   at Presentation.Areas.Profile.Controllers.ProfileController.SaveUpdateActivityPreferences(NDUserProfile theModel) in C:\Projects\NDFriends2022\Presentation\Presentation\Areas\Profile\Controllers\ProfileController.cs:line 1026
06-09-2023 12:22:34.751 [7] [INFO]  [Presentation.Logger] -  User Yk123in@yahoo.co.in logged in successfully.
06-09-2023 12:42:30.381 [5] [INFO]  [Presentation.Logger] -  User yk123in@yahoo.co.in logged in successfully.
06-09-2023 02:29:38.787 [8] [INFO]  [Presentation.Logger] -  User yk123in@yahoo.co.in logged in successfully.
06-09-2023 02:42:14.681 [6] [INFO]  [Presentation.Logger] -  User yk123in@yahoo.co.in logged in successfully.
06-09-2023 02:42:40.109 [8] [INFO]  [Presentation.Logger] -  User yk123in@yahoo.co.in logged in successfully.
06-09-2023 02:43:03.715 [6] [INFO]  [Presentation.Logger] -  User yk123in@yahoo.co.in logged in successfully.
06-09-2023 02:44:02.944 [7] [INFO]  [Presentation.Logger] -  User yk123in@yahoo.co.in logged in successfully.
06-09-2023 02:47:26.772 [6] [INFO]  [Presentation.Logger] -  User yk123in@yahoo.co.in logged in successfully.
06-09-2023 02:50:59.005 [7] [INFO]  [Presentation.Logger] -  User yk123in@yahoo.co.in logged in successfully.
06-09-2023 03:47:43.949 [7] [INFO]  [Presentation.Logger] -  User yk123in@yahoo.co.in logged in successfully.
06-09-2023 03:53:51.374 [13] [ERROR]  [Presentation.Logger] -  Error Description:Input string was not in a correct format.Couldn't store <9,0> in ProfileSectionId Column.  Expected type is Int32.   at System.Data.DataColumn.set_Item(Int32 record, Object value)
   at System.Data.DataRow.set_Item(DataColumn column, Object value)
   at System.Data.DataRow.set_Item(String columnName, Object value)
   at Presentation.Areas.Profile.Controllers.ProfileController.SaveUpdateLifeInPic(HttpPostedFileBase FUSectionSelector1, HttpPostedFileBase FUSectionSelector2, HttpPostedFileBase FUSectionSelector3, HttpPostedFileBase FUSectionSelector4, HttpPostedFileBase FUSectionSelector5, HttpPostedFileBase FUSectionSelector6) in C:\Projects\NDFriends2022\Presentation\Presentation\Areas\Profile\Controllers\ProfileController.cs:line 622
06-09-2023 04:17:27.125 [6] [INFO]  [Presentation.Logger] -  User yk123in@yahoo.co.in logged in successfully.
06-09-2023 04:37:12.084 [8] [INFO]  [Presentation.Logger] -  User yk123in@yahoo.co.in logged in successfully.
06-09-2023 04:40:21.400 [7] [INFO]  [Presentation.Logger] -  User yk123in@yahoo.co.in logged in successfully.
06-09-2023 04:55:44.306 [6] [INFO]  [Presentation.Logger] -  User admin logged in successfully.
06-09-2023 05:27:57.705 [7] [INFO]  [Presentation.Logger] -  User yk123in@yahoo.co.in logged in successfully.
06-09-2023 05:29:33.569 [7] [INFO]  [Presentation.Logger] -  User yk123in@yahoo.co.in logged in successfully.
06-09-2023 05:47:29.519 [6] [INFO]  [Presentation.Logger] -  User yk123in@yahoo.co.in logged in successfully.
06-09-2023 05:47:42.480 [19] [INFO]  [Presentation.Logger] -  User yk123in@yahoo.co.in logged in successfully.
06-09-2023 05:49:13.482 [6] [INFO]  [Presentation.Logger] -  User yk123in@yahoo.co.in logged in successfully.
